
> meme-coin-aggregator@1.0.0 test
> jest

node.exe : PASS src/tests/cache.test.ts (6.953 s)
At C:\Program Files\nodejs\npm.ps1:29 char:3
+   & $NODE_EXE $NPM_CLI_JS $args
+   ~~~~~~~~~~~~~~~~~~~~~~~~~~~~~
    + CategoryInfo          : NotSpecified: (PASS src/tests/cache.test.ts (6.953 s):String) [], RemoteException
    + FullyQualifiedErrorId : NativeCommandError
 
  ΓùÅ Console

    console.log
      Redis Client Connected

      at Commander.<anonymous> (src/config/redis.ts:18:41)

    console.log
      Redis Client Ready

      at Commander.<anonymous> (src/config/redis.ts:19:39)

    console.log
      [2025-11-08T12:06:28.054Z] [INFO] Cleared all cache

      at Logger.info (src/utils/logger.ts:17:13)

    console.debug
      [2025-11-08T12:06:28.066Z] [DEBUG] Cached key: test:key with TTL: 10s

      at Logger.debug (src/utils/logger.ts:34:15)

    console.debug
      [2025-11-08T12:06:28.069Z] [DEBUG] Cache hit for key: test:key

      at Logger.debug (src/utils/logger.ts:34:15)

    console.log
      [2025-11-08T12:06:28.085Z] [INFO] Cleared all cache

      at Logger.info (src/utils/logger.ts:17:13)

    console.debug
      [2025-11-08T12:06:28.087Z] [DEBUG] Cache miss for key: non:existent

      at Logger.debug (src/utils/logger.ts:34:15)

    console.log
      [2025-11-08T12:06:28.098Z] [INFO] Cleared all cache

      at Logger.info (src/utils/logger.ts:17:13)

    console.debug
      [2025-11-08T12:06:28.101Z] [DEBUG] Cached key: test:delete with TTL: 10s

      at Logger.debug (src/utils/logger.ts:34:15)

    console.debug
      [2025-11-08T12:06:28.103Z] [DEBUG] Deleted cache key: test:delete

      at Logger.debug (src/utils/logger.ts:34:15)

    console.debug
      [2025-11-08T12:06:28.105Z] [DEBUG] Cache miss for key: test:delete

      at Logger.debug (src/utils/logger.ts:34:15)

    console.log
      [2025-11-08T12:06:28.115Z] [INFO] Cleared all cache

      at Logger.info (src/utils/logger.ts:17:13)

    console.debug
      [2025-11-08T12:06:28.117Z] [DEBUG] Cached key: test:exists with TTL: 10s

      at Logger.debug (src/utils/logger.ts:34:15)

    console.log
      [2025-11-08T12:06:28.133Z] [INFO] Cleared all cache

      at Logger.info (src/utils/logger.ts:17:13)

    console.debug
      [2025-11-08T12:06:28.135Z] [DEBUG] Cached key: key1 with TTL: 10s

      at Logger.debug (src/utils/logger.ts:34:15)

    console.debug
      [2025-11-08T12:06:28.137Z] [DEBUG] Cached key: key2 with TTL: 10s

      at Logger.debug (src/utils/logger.ts:34:15)

    console.log
      [2025-11-08T12:06:28.147Z] [INFO] Cleared all cache

      at Logger.info (src/utils/logger.ts:17:13)

    console.debug
      [2025-11-08T12:06:28.149Z] [DEBUG] Cache miss for key: key1

      at Logger.debug (src/utils/logger.ts:34:15)

    console.debug
      [2025-11-08T12:06:28.151Z] [DEBUG] Cache miss for key: key2

      at Logger.debug (src/utils/logger.ts:34:15)

FAIL src/tests/tokens.test.ts (14.636 s)
  ΓùÅ Console

    console.log
      Redis Client Connected

      at Commander.<anonymous> (src/config/redis.ts:18:41)

    console.log
      Redis Client Ready

      at Commander.<anonymous> (src/config/redis.ts:19:39)

    console.debug
      [2025-11-08T12:06:29.158Z] [DEBUG] Cache miss for key: tokens:all:sorted:volume_sol:desc

      at Logger.debug (src/utils/logger.ts:34:15)

    console.log
      [2025-11-08T12:06:29.169Z] [INFO] Cache miss - fetching from APIs

      at Logger.info (src/utils/logger.ts:17:13)

    console.error
      [2025-11-08T12:06:31.268Z] [ERROR] DexScreener search error "Request failed with status code 403"

    [0m [90m 27 |[39m       stack[33m:[39m [36mthis[39m[33m.[39misDevelopment [33m?[39m 
error[33m.[39mstack [33m:[39m undefined
     [90m 28 |[39m     } [33m:[39m error[33m;[39m
    [31m[1m>[22m[39m[90m 29 |[39m     
console[33m.[39merror([36mthis[39m[33m.[39mformatMessage([32m'error'[39m[33m,[39m message[33m,[39m 
errorMeta))[33m;[39m
     [90m    |[39m             [31m[1m^[22m[39m
     [90m 30 |[39m   }
     [90m 31 |[39m
     [90m 32 |[39m   debug(message[33m:[39m string[33m,[39m meta[33m?[39m[33m:[39m any)[33m:[39m 
[36mvoid[39m {[0m

      at Logger.error (src/utils/logger.ts:29:13)
      at src/services/dexScreenerService.ts:48:16
      at ExponentialBackoff.execute (src/utils/rateLimiter.ts:54:22)
      at TokenService.aggregateTokenData (src/services/tokenService.ts:94:25)
      at TokenService.getTokens (src/services/tokenService.ts:36:18)
      at src/routes/tokenRoutes.ts:18:20

    console.warn
      [2025-11-08T12:06:31.272Z] [WARN] DexScreener blocking request, returning empty array

    [0m [90m 19 |[39m
     [90m 20 |[39m   warn(message[33m:[39m string[33m,[39m meta[33m?[39m[33m:[39m any)[33m:[39m 
[36mvoid[39m {
    [31m[1m>[22m[39m[90m 21 |[39m     
console[33m.[39mwarn([36mthis[39m[33m.[39mformatMessage([32m'warn'[39m[33m,[39m message[33m,[39m 
meta))[33m;[39m
     [90m    |[39m             [31m[1m^[22m[39m
     [90m 22 |[39m   }
     [90m 23 |[39m
     [90m 24 |[39m   error(message[33m:[39m string[33m,[39m error[33m?[39m[33m:[39m any)[33m:[39m 
[36mvoid[39m {[0m

      at Logger.warn (src/utils/logger.ts:21:13)
      at src/services/dexScreenerService.ts:53:18
      at ExponentialBackoff.execute (src/utils/rateLimiter.ts:54:22)
      at TokenService.aggregateTokenData (src/services/tokenService.ts:94:25)
      at TokenService.getTokens (src/services/tokenService.ts:36:18)
      at src/routes/tokenRoutes.ts:18:20

    console.warn
      [2025-11-08T12:06:31.273Z] [WARN] No tokens from DexScreener, using mock data

    [0m [90m 19 |[39m
     [90m 20 |[39m   warn(message[33m:[39m string[33m,[39m meta[33m?[39m[33m:[39m any)[33m:[39m 
[36mvoid[39m {
    [31m[1m>[22m[39m[90m 21 |[39m     
console[33m.[39mwarn([36mthis[39m[33m.[39mformatMessage([32m'warn'[39m[33m,[39m message[33m,[39m 
meta))[33m;[39m
     [90m    |[39m             [31m[1m^[22m[39m
     [90m 22 |[39m   }
     [90m 23 |[39m
     [90m 24 |[39m   error(message[33m:[39m string[33m,[39m error[33m?[39m[33m:[39m any)[33m:[39m 
[36mvoid[39m {[0m

      at Logger.warn (src/utils/logger.ts:21:13)
      at TokenService.aggregateTokenData (src/services/tokenService.ts:97:16)
      at TokenService.getTokens (src/services/tokenService.ts:36:18)
      at src/routes/tokenRoutes.ts:18:20

    console.debug
      [2025-11-08T12:06:31.279Z] [DEBUG] Cached key: tokens:all:sorted:volume_sol:desc with TTL: 30s

      at Logger.debug (src/utils/logger.ts:34:15)

    console.log
      [2025-11-08T12:06:31.287Z] [INFO] GET / 200 - 2133ms

      at Logger.info (src/utils/logger.ts:17:13)

    console.debug
      [2025-11-08T12:06:31.321Z] [DEBUG] Cache hit for key: tokens:all:sorted:volume_sol:desc

      at Logger.debug (src/utils/logger.ts:34:15)

    console.log
      [2025-11-08T12:06:31.322Z] [INFO] Cache hit - returning 50 tokens

      at Logger.info (src/utils/logger.ts:17:13)

    console.log
      [2025-11-08T12:06:31.324Z] [INFO] GET / 200 - 6ms

      at Logger.info (src/utils/logger.ts:17:13)

    console.debug
      [2025-11-08T12:06:31.351Z] [DEBUG] Cache hit for key: tokens:all:sorted:volume_sol:desc

      at Logger.debug (src/utils/logger.ts:34:15)

    console.log
      [2025-11-08T12:06:31.351Z] [INFO] Cache hit - returning 50 tokens

      at Logger.info (src/utils/logger.ts:17:13)

    console.log
      [2025-11-08T12:06:31.353Z] [INFO] GET / 200 - 15ms

      at Logger.info (src/utils/logger.ts:17:13)

    console.debug
      [2025-11-08T12:06:31.374Z] [DEBUG] Cache miss for key: tokens:all:sorted:price_1hr_change:desc

      at Logger.debug (src/utils/logger.ts:34:15)

    console.log
      [2025-11-08T12:06:31.375Z] [INFO] Cache miss - fetching from APIs

      at Logger.info (src/utils/logger.ts:17:13)

    console.error
      [2025-11-08T12:06:32.627Z] [ERROR] DexScreener search error "Request failed with status code 403"

    [0m [90m 27 |[39m       stack[33m:[39m [36mthis[39m[33m.[39misDevelopment [33m?[39m 
error[33m.[39mstack [33m:[39m undefined
     [90m 28 |[39m     } [33m:[39m error[33m;[39m
    [31m[1m>[22m[39m[90m 29 |[39m     
console[33m.[39merror([36mthis[39m[33m.[39mformatMessage([32m'error'[39m[33m,[39m message[33m,[39m 
errorMeta))[33m;[39m
     [90m    |[39m             [31m[1m^[22m[39m
     [90m 30 |[39m   }
     [90m 31 |[39m
     [90m 32 |[39m   debug(message[33m:[39m string[33m,[39m meta[33m?[39m[33m:[39m any)[33m:[39m 
[36mvoid[39m {[0m

      at Logger.error (src/utils/logger.ts:29:13)
      at src/services/dexScreenerService.ts:48:16
      at ExponentialBackoff.execute (src/utils/rateLimiter.ts:54:22)
      at TokenService.aggregateTokenData (src/services/tokenService.ts:94:25)
      at TokenService.getTokens (src/services/tokenService.ts:36:18)
      at src/routes/tokenRoutes.ts:18:20

    console.warn
      [2025-11-08T12:06:32.629Z] [WARN] DexScreener blocking request, returning empty array

    [0m [90m 19 |[39m
     [90m 20 |[39m   warn(message[33m:[39m string[33m,[39m meta[33m?[39m[33m:[39m any)[33m:[39m 
[36mvoid[39m {
    [31m[1m>[22m[39m[90m 21 |[39m     
console[33m.[39mwarn([36mthis[39m[33m.[39mformatMessage([32m'warn'[39m[33m,[39m message[33m,[39m 
meta))[33m;[39m
     [90m    |[39m             [31m[1m^[22m[39m
     [90m 22 |[39m   }
     [90m 23 |[39m
     [90m 24 |[39m   error(message[33m:[39m string[33m,[39m error[33m?[39m[33m:[39m any)[33m:[39m 
[36mvoid[39m {[0m

      at Logger.warn (src/utils/logger.ts:21:13)
      at src/services/dexScreenerService.ts:53:18
      at ExponentialBackoff.execute (src/utils/rateLimiter.ts:54:22)
      at TokenService.aggregateTokenData (src/services/tokenService.ts:94:25)
      at TokenService.getTokens (src/services/tokenService.ts:36:18)
      at src/routes/tokenRoutes.ts:18:20

    console.warn
      [2025-11-08T12:06:32.630Z] [WARN] No tokens from DexScreener, using mock data

    [0m [90m 19 |[39m
     [90m 20 |[39m   warn(message[33m:[39m string[33m,[39m meta[33m?[39m[33m:[39m any)[33m:[39m 
[36mvoid[39m {
    [31m[1m>[22m[39m[90m 21 |[39m     
console[33m.[39mwarn([36mthis[39m[33m.[39mformatMessage([32m'warn'[39m[33m,[39m message[33m,[39m 
meta))[33m;[39m
     [90m    |[39m             [31m[1m^[22m[39m
     [90m 22 |[39m   }
     [90m 23 |[39m
     [90m 24 |[39m   error(message[33m:[39m string[33m,[39m error[33m?[39m[33m:[39m any)[33m:[39m 
[36mvoid[39m {[0m

      at Logger.warn (src/utils/logger.ts:21:13)
      at TokenService.aggregateTokenData (src/services/tokenService.ts:97:16)
      at TokenService.getTokens (src/services/tokenService.ts:36:18)
      at src/routes/tokenRoutes.ts:18:20

    console.debug
      [2025-11-08T12:06:32.680Z] [DEBUG] Cached key: tokens:all:sorted:price_1hr_change:desc with TTL: 30s

      at Logger.debug (src/utils/logger.ts:34:15)

    console.log
      [2025-11-08T12:06:32.682Z] [INFO] GET / 200 - 1310ms

      at Logger.info (src/utils/logger.ts:17:13)

    console.debug
      [2025-11-08T12:06:32.698Z] [DEBUG] Cache hit for key: tokens:all:sorted:volume_sol:desc

      at Logger.debug (src/utils/logger.ts:34:15)

    console.log
      [2025-11-08T12:06:32.699Z] [INFO] Cache hit - returning 50 tokens

      at Logger.info (src/utils/logger.ts:17:13)

    console.log
      [2025-11-08T12:06:32.701Z] [INFO] GET / 200 - 7ms

      at Logger.info (src/utils/logger.ts:17:13)

    console.debug
      [2025-11-08T12:06:32.713Z] [DEBUG] Cache hit for key: tokens:all:sorted:volume_sol:desc

      at Logger.debug (src/utils/logger.ts:34:15)

    console.log
      [2025-11-08T12:06:32.714Z] [INFO] Cache hit - returning 50 tokens

      at Logger.info (src/utils/logger.ts:17:13)

    console.log
      [2025-11-08T12:06:32.715Z] [INFO] GET / 200 - 3ms

      at Logger.info (src/utils/logger.ts:17:13)

    console.debug
      [2025-11-08T12:06:32.723Z] [DEBUG] Cache hit for key: tokens:all:sorted:volume_sol:desc

      at Logger.debug (src/utils/logger.ts:34:15)

    console.log
      [2025-11-08T12:06:32.724Z] [INFO] Cache hit - returning 50 tokens

      at Logger.info (src/utils/logger.ts:17:13)

    console.log
      [2025-11-08T12:06:32.725Z] [INFO] GET / 200 - 4ms

      at Logger.info (src/utils/logger.ts:17:13)

    console.log
      [2025-11-08T12:06:32.735Z] [INFO] GET /invalid 400 - 2ms

      at Logger.info (src/utils/logger.ts:17:13)

    console.debug
      [2025-11-08T12:06:32.744Z] [DEBUG] Cache miss for key: token:AAAAAAAAAAAAAAAAAAAAAAAAAAAAAAAAAAAAAAAAAAAA

      at Logger.debug (src/utils/logger.ts:34:15)

    console.log
      [2025-11-08T12:06:32.744Z] [INFO] Cache miss for token AAAAAAAAAAAAAAAAAAAAAAAAAAAAAAAAAAAAAAAAAAAA

      at Logger.info (src/utils/logger.ts:17:13)

    console.error
      [2025-11-08T12:06:34.088Z] [ERROR] DexScreener token fetch error for 
AAAAAAAAAAAAAAAAAAAAAAAAAAAAAAAAAAAAAAAAAAAA "Request failed with status code 403"

    [0m [90m 27 |[39m       stack[33m:[39m [36mthis[39m[33m.[39misDevelopment [33m?[39m 
error[33m.[39mstack [33m:[39m undefined
     [90m 28 |[39m     } [33m:[39m error[33m;[39m
    [31m[1m>[22m[39m[90m 29 |[39m     
console[33m.[39merror([36mthis[39m[33m.[39mformatMessage([32m'error'[39m[33m,[39m message[33m,[39m 
errorMeta))[33m;[39m
     [90m    |[39m             [31m[1m^[22m[39m
     [90m 30 |[39m   }
     [90m 31 |[39m
     [90m 32 |[39m   debug(message[33m:[39m string[33m,[39m meta[33m?[39m[33m:[39m any)[33m:[39m 
[36mvoid[39m {[0m

      at Logger.error (src/utils/logger.ts:29:13)
      at src/services/dexScreenerService.ts:76:16
      at ExponentialBackoff.execute (src/utils/rateLimiter.ts:54:22)
      at TokenService.getTokenByAddress (src/services/tokenService.ts:75:17)
      at src/routes/tokenRoutes.ts:47:19

    console.warn
      [2025-11-08T12:06:34.090Z] [WARN] DexScreener blocking request

    [0m [90m 19 |[39m
     [90m 20 |[39m   warn(message[33m:[39m string[33m,[39m meta[33m?[39m[33m:[39m any)[33m:[39m 
[36mvoid[39m {
    [31m[1m>[22m[39m[90m 21 |[39m     
console[33m.[39mwarn([36mthis[39m[33m.[39mformatMessage([32m'warn'[39m[33m,[39m message[33m,[39m 
meta))[33m;[39m
     [90m    |[39m             [31m[1m^[22m[39m
     [90m 22 |[39m   }
     [90m 23 |[39m
     [90m 24 |[39m   error(message[33m:[39m string[33m,[39m error[33m?[39m[33m:[39m any)[33m:[39m 
[36mvoid[39m {[0m

      at Logger.warn (src/utils/logger.ts:21:13)
      at src/services/dexScreenerService.ts:82:18
      at ExponentialBackoff.execute (src/utils/rateLimiter.ts:54:22)
      at TokenService.getTokenByAddress (src/services/tokenService.ts:75:17)
      at src/routes/tokenRoutes.ts:47:19

    console.log
      [2025-11-08T12:06:34.094Z] [INFO] GET /AAAAAAAAAAAAAAAAAAAAAAAAAAAAAAAAAAAAAAAAAAAA 404 - 1352ms

      at Logger.info (src/utils/logger.ts:17:13)

    console.debug
      [2025-11-08T12:06:34.120Z] [DEBUG] Cache hit for key: tokens:all:sorted:volume_sol:desc

      at Logger.debug (src/utils/logger.ts:34:15)

    console.log
      [2025-11-08T12:06:34.122Z] [INFO] Cache hit - returning 50 tokens

      at Logger.info (src/utils/logger.ts:17:13)

    console.log
      [2025-11-08T12:06:34.125Z] [INFO] GET / 200 - 9ms

      at Logger.info (src/utils/logger.ts:17:13)

    console.debug
      [2025-11-08T12:06:34.146Z] [DEBUG] Cache miss for key: token:So11111111111111111111111111111111111111112

      at Logger.debug (src/utils/logger.ts:34:15)

    console.log
      [2025-11-08T12:06:34.148Z] [INFO] Cache miss for token So11111111111111111111111111111111111111112

      at Logger.info (src/utils/logger.ts:17:13)

    console.error
      [2025-11-08T12:06:35.666Z] [ERROR] DexScreener token fetch error for So11111111111111111111111111111111111111112 
"Request failed with status code 403"

    [0m [90m 27 |[39m       stack[33m:[39m [36mthis[39m[33m.[39misDevelopment [33m?[39m 
error[33m.[39mstack [33m:[39m undefined
     [90m 28 |[39m     } [33m:[39m error[33m;[39m
    [31m[1m>[22m[39m[90m 29 |[39m     
console[33m.[39merror([36mthis[39m[33m.[39mformatMessage([32m'error'[39m[33m,[39m message[33m,[39m 
errorMeta))[33m;[39m
     [90m    |[39m             [31m[1m^[22m[39m
     [90m 30 |[39m   }
     [90m 31 |[39m
     [90m 32 |[39m   debug(message[33m:[39m string[33m,[39m meta[33m?[39m[33m:[39m any)[33m:[39m 
[36mvoid[39m {[0m

      at Logger.error (src/utils/logger.ts:29:13)
      at src/services/dexScreenerService.ts:76:16
      at ExponentialBackoff.execute (src/utils/rateLimiter.ts:54:22)
      at TokenService.getTokenByAddress (src/services/tokenService.ts:75:17)
      at src/routes/tokenRoutes.ts:47:19

    console.warn
      [2025-11-08T12:06:35.667Z] [WARN] DexScreener blocking request

    [0m [90m 19 |[39m
     [90m 20 |[39m   warn(message[33m:[39m string[33m,[39m meta[33m?[39m[33m:[39m any)[33m:[39m 
[36mvoid[39m {
    [31m[1m>[22m[39m[90m 21 |[39m     
console[33m.[39mwarn([36mthis[39m[33m.[39mformatMessage([32m'warn'[39m[33m,[39m message[33m,[39m 
meta))[33m;[39m
     [90m    |[39m             [31m[1m^[22m[39m
     [90m 22 |[39m   }
     [90m 23 |[39m
     [90m 24 |[39m   error(message[33m:[39m string[33m,[39m error[33m?[39m[33m:[39m any)[33m:[39m 
[36mvoid[39m {[0m

      at Logger.warn (src/utils/logger.ts:21:13)
      at src/services/dexScreenerService.ts:82:18
      at ExponentialBackoff.execute (src/utils/rateLimiter.ts:54:22)
      at TokenService.getTokenByAddress (src/services/tokenService.ts:75:17)
      at src/routes/tokenRoutes.ts:47:19

    console.log
      [2025-11-08T12:06:35.670Z] [INFO] GET /So11111111111111111111111111111111111111112 404 - 1528ms

      at Logger.info (src/utils/logger.ts:17:13)

    console.log
      [2025-11-08T12:06:35.690Z] [INFO] GET /health 200 - 2ms

      at Logger.info (src/utils/logger.ts:17:13)

    console.log
      [2025-11-08T12:06:35.722Z] [INFO] Cleared 2 cache keys matching pattern: tokens:*

      at Logger.info (src/utils/logger.ts:17:13)

    console.log
      [2025-11-08T12:06:35.728Z] [INFO] Token cache cleared

      at Logger.info (src/utils/logger.ts:17:13)

    console.log
      [2025-11-08T12:06:35.731Z] [INFO] POST /clear-cache 200 - 18ms

      at Logger.info (src/utils/logger.ts:17:13)

  ΓùÅ Token API Tests ΓÇ║ GET /api/tokens/:address ΓÇ║ should return token details for valid address

    expected 200 "OK", got 404 "Not Found"

    [0m [90m 123 |[39m         [36mconst[39m response [33m=[39m [36mawait[39m request(app)
     [90m 124 |[39m           [33m.[39m[36mget[39m([32m`/api/tokens/${address}`[39m)
    [31m[1m>[22m[39m[90m 125 |[39m           [33m.[39mexpect([35m200[39m)[33m;[39m
     [90m     |[39m            [31m[1m^[22m[39m
     [90m 126 |[39m
     [90m 127 |[39m         
expect(response[33m.[39mbody)[33m.[39mtoHaveProperty([32m'token_address'[39m[33m,[39m address)[33m;[39m
     [90m 128 |[39m         
expect(response[33m.[39mbody)[33m.[39mtoHaveProperty([32m'token_name'[39m)[33m;[39m[0m

      at Object.<anonymous> (src/tests/tokens.test.ts:125:12)
      ----
      at Test._assertStatus (node_modules/supertest/lib/test.js:252:14)
      at node_modules/supertest/lib/test.js:308:13
      at Test._assertFunction (node_modules/supertest/lib/test.js:285:13)
      at Test.assert (node_modules/supertest/lib/test.js:164:23)
      at Server.localAssert (node_modules/supertest/lib/test.js:120:14)

Test Suites: 1 failed, 1 passed, 2 total
Tests:       1 failed, 15 passed, 16 total
Snapshots:   0 total
Time:        16.343 s
Ran all test suites.
